==============================================================================
RUN 04 - BASELINE COMPARISON
==============================================================================
backoff cost: 3.28 bbl/hr (2.01%, 79 bbl/day)
seeds per cell: 5

scenario               controller backoff  ss_feasible  settling_time_h       iae  total_production_bbl  viol_true  viol_measured  min_bhp_true  total_move
       A     MPC h=12, saturating default        False             26.2     340.0               17787.4        0.0            0.0        3040.8        65.6
       A     MPC h=12, saturating default         True             26.2     340.0               17787.4        0.0            0.0        3040.8        65.6
       A one-step h=1, saturating default        False             18.2     362.2               17815.3        0.0            0.0        3041.6        57.0
       A one-step h=1, saturating default         True             18.2     362.2               17815.3        0.0            0.0        3041.6        57.0
       A         MPC h=12, linear default        False             26.4     341.5               17792.6        0.0            0.0        3040.9        67.0
       A         MPC h=12, linear default         True             26.4     341.5               17792.6        0.0            0.0        3040.9        67.0
       A        naive h=1, linear default        False             18.4     364.3               17822.1        0.0            0.0        3041.7        57.8
       A        naive h=1, linear default         True             18.4     364.3               17822.1        0.0            0.0        3041.7        57.8
       A           PI on oil rate     n/a        False             40.0     562.1               17507.4        0.0            0.0        3041.8        77.5
       B     MPC h=12, saturating default        False             11.4     357.9               24762.1        0.0            0.0        2904.7        78.2
       B     MPC h=12, saturating default         True             11.0     368.2               24741.4        0.0            0.0        2904.8        67.8
       B one-step h=1, saturating default        False             20.4     419.1               24782.0        0.0            0.0        2904.9        63.8
       B one-step h=1, saturating default         True             20.8     401.8               24743.0        0.0            0.0        2904.8        48.6
       B         MPC h=12, linear default        False             13.6     358.5               24768.3        0.0            0.0        2904.8        76.4
       B         MPC h=12, linear default         True             11.2     371.6               24742.1        0.0            0.0        2904.9        64.0
       B        naive h=1, linear default        False             19.6     394.2               24787.1        0.0            0.0        2905.1        61.6
       B        naive h=1, linear default         True             18.4     393.4               24736.8        0.0            0.0        2904.7        45.6
       B           PI on oil rate     n/a        False             28.0     582.7               24465.1        0.0            0.0        2906.0        97.9
       C     MPC h=12, saturating default        False              NaN    8169.7               31830.3        0.2            1.6        2853.1       356.4
       C     MPC h=12, saturating default         True              NaN    8713.2               31286.8        0.0            0.0        2864.4        62.8
       C one-step h=1, saturating default        False              NaN    7622.3               32377.7      103.0           94.6        2841.2       453.2
       C one-step h=1, saturating default         True              NaN    8733.8               31266.2        0.0            0.0        2864.4        78.8
       C         MPC h=12, linear default        False              NaN    8150.5               31849.5        1.2            1.8        2852.4       334.0
       C         MPC h=12, linear default         True              NaN    8751.1               31248.9        0.0            0.0        2865.0        61.2
       C        naive h=1, linear default        False              NaN    7624.6               32375.4      104.8           95.6        2841.2       399.0
       C        naive h=1, linear default         True              NaN    8771.3               31228.7        0.0            0.0        2865.0        72.8
       C           PI on oil rate     n/a        False             36.2    1465.6               38604.7      179.0          180.0        2676.3       132.1

shipped controller (MPC h=12, saturating + SS-feasible inputs) on scenario C: prod=31287 bbl, violTRUE=0.0, minBHPtrue=2864.42, choke travel=62.8 %

wrote C:\dev\choke-mpc\data\baseline_comparison.csv
wrote C:\dev\choke-mpc\figures\04_metrics_table.png
wrote C:\dev\choke-mpc\figures\04_headline_scenarioC_bhp.png
wrote C:\dev\choke-mpc\figures\04c_fairness_zero_backoff.png

fairness check - Scenario C, zero backoff everywhere, SS-feasible=off:
  MPC h=12, saturating       Q= 162.76 minBHPtrue= 2841.94 violTRUE=  90.2 violMEAS=  80.8
  one-step h=1, saturating   Q= 162.95 minBHPtrue= 2841.21 violTRUE= 103.8 violMEAS=  95.0
  MPC h=12, linear           Q= 162.75 minBHPtrue= 2842.63 violTRUE=  91.8 violMEAS=  80.2
  naive h=1, linear          Q= 162.94 minBHPtrue= 2841.07 violTRUE= 105.0 violMEAS=  96.6

fairness check - Scenario C, zero backoff everywhere, SS-feasible=on:
  MPC h=12, saturating       Q= 161.99 minBHPtrue= 2849.72 violTRUE=  18.0 violMEAS=  28.0
  one-step h=1, saturating   Q= 161.99 minBHPtrue= 2849.72 violTRUE=  18.0 violMEAS=  28.0
  MPC h=12, linear           Q= 161.83 minBHPtrue= 2850.08 violTRUE=   8.4 violMEAS=  26.4
  naive h=1, linear          Q= 161.83 minBHPtrue= 2850.08 violTRUE=   8.4 violMEAS=  26.4
