==================================================================================
RUN 04b - PREDICTION HORIZON SWEEP
==================================================================================
tau_BHP = 12.342 h, control interval 1 h
steady-state feasibility OFF for the sweep, backoff ON, 5 seeds

--- Scenario A: startup 20% choke -> 120 bbl/hr ---
          controller  h/tau  violT  violM   peakU  travel  Qfinal   minBHP  ms/step
-----------------------------------------------------------------------------------
                 h=1   0.08    0.0    0.0   57.40    57.0  120.29  3041.58     0.07
                 h=6   0.49    0.0    0.0   55.60    63.0  120.05  3040.96     0.49
                h=12   0.97    0.0    0.0   55.20    65.6  120.02  3040.81     0.92
                h=18   1.46    0.0    0.0   55.20    68.4  120.01  3040.55     1.29
                h=24   1.94    0.0    0.0   55.20    70.6  120.02  3040.55     1.68
                h=36   2.92    0.0    0.0   55.20    70.6  120.03  3040.33     2.96
                h=48   3.89    0.0    0.0   55.20    71.4  120.05  3040.41     3.85
                h=60   4.86    0.0    0.0   55.20    71.8  120.05  3040.62     4.63
  h=12 + SS-feasible   0.97    0.0    0.0   55.20    65.6  120.02  3040.81     1.20

--- Scenario C: 200 bbl/hr requested (infeasible) ---
          controller  h/tau  violT  violM   peakU  travel  Qfinal   minBHP  ms/step
-----------------------------------------------------------------------------------
                 h=1   0.08  103.0   94.6   99.20   453.2  162.95  2841.20     0.08
                 h=6   0.49   89.8   82.0   88.40   353.8  162.91  2841.69     0.48
                h=12   0.97    0.2    1.6   85.40   356.4  160.36  2853.14     0.91
                h=18   1.46    0.0    0.2   83.20   410.4  160.04  2855.43     1.28
                h=24   1.94    0.0    0.0   80.20   405.4  160.08  2854.62     1.66
                h=36   2.92    0.0    0.4   78.20   375.4  160.22  2854.64     2.40
                h=48   3.89    0.4    0.6   78.20   364.8  160.28  2853.41     3.94
                h=60   4.86    0.0    0.4   78.00   374.8  160.25  2853.79     4.78
  h=12 + SS-feasible   0.97    0.0    0.0   68.20    62.8  158.78  2864.42     1.21

violations first reach ~zero at horizon 12 = 0.97 x tau_BHP
long-horizon plateau: peak choke 78.0 %, travel 375 %
steady-state-feasible h=12: peak choke 68.2 %, travel 63 %, production 31287 bbl

wrote C:\dev\choke-mpc\data\horizon_sweep.csv
wrote C:\dev\choke-mpc\figures\04b_horizon_sweep.png
