==================================================================================
RUN 02 - IDENTIFICATION AND VALIDATION
==================================================================================
control interval 1 h, saturation scale 140
models are fitted by simulation-error minimisation, not endpoint differencing

FIT on steptest_long.csv (own step test, 9 levels x 70 h, 20-80% choke)
  output model          gain@45   tau_h       R2     RMSE    ac1
  --------------------------------------------------------------
  Q      FOPDT(d=0)       1.829    4.63  0.99549    2.412   0.91
  Q      saturating       1.856    4.56  0.99868    1.304   0.70
  WHP    FOPDT(d=0)      -1.610    8.27  0.99431    2.371   0.95
  WHP    saturating      -1.636    8.09  0.99879    1.094   0.75
  FLP    FOPDT(d=0)      -0.980    5.90  0.99379    1.514   0.85
  FLP    saturating      -0.995    5.80  0.99685    1.078   0.71
  BHP    FOPDT(d=0)      -8.350   12.55  0.99503   11.413   0.92
  BHP    saturating      -8.490   12.34  0.99868    5.891   0.71

  endpoint-differencing vs regression gain (bias check):
    Q      endpoint=   1.795  regression=   1.829  bias=   -1.9%
    WHP    endpoint=  -1.565  regression=  -1.610  bias=   -2.8%
    FLP    endpoint=  -0.974  regression=  -0.980  bias=   -0.6%
    BHP    endpoint=  -8.326  regression=  -8.350  bias=   -0.3%

----------------------------------------------------------------------------------
HELD-OUT VALIDATION - the shipped model coefficients, never refitted,
simulated open-loop from the first sample of each dataset
----------------------------------------------------------------------------------

steptest_long.csv  -  own step test, 9 levels x 70 h, 20-80% choke

  saturating model
    output        R2     RMSE  mean resid  max |e|
    ----------------------------------------------
    Q        0.99868    1.304       0.003    5.898
    WHP      0.99879    1.094       0.010    4.311
    FLP      0.99685    1.078       0.004    3.509
    BHP      0.99868    5.891       0.026   22.759

  fopdt model
    output        R2     RMSE  mean resid  max |e|
    ----------------------------------------------
    Q        0.99549    2.412      -0.007    8.747
    WHP      0.99431    2.371       0.027    7.607
    FLP      0.99379    1.514       0.012    4.822
    BHP      0.99503   11.413       0.149   33.847

steptest_short.csv  -  own step test, 9 levels x 20 h (deliberately shorter than tau_BHP)

  saturating model
    output        R2     RMSE  mean resid  max |e|
    ----------------------------------------------
    Q        0.99753    1.730      -0.026    5.855
    WHP      0.99801    1.349       0.103    3.759
    FLP      0.99483    1.347      -0.050    4.511
    BHP      0.99793    6.882       1.824   16.863

  fopdt model
    output        R2     RMSE  mean resid  max |e|
    ----------------------------------------------
    Q        0.99463    2.551       0.007    8.461
    WHP      0.99549    2.032       0.055    5.408
    FLP      0.99095    1.781      -0.070    5.064
    BHP      0.99690    8.430       1.514   21.007

reference_steptest.csv  -  supplied reference step test, 120 h

  saturating model
    output        R2     RMSE  mean resid  max |e|
    ----------------------------------------------
    Q        0.99559    1.425      -0.527    3.659
    WHP      0.99119    1.462       0.418    3.887
    FLP      0.98894    1.105       0.156    2.929
    BHP      0.99207    6.127       0.051   14.878

  fopdt model
    output        R2     RMSE  mean resid  max |e|
    ----------------------------------------------
    Q        0.99442    1.603       1.010    4.011
    WHP      0.99180    1.411      -0.913    4.050
    FLP      0.98895    1.104      -0.659    3.003
    BHP      0.98530    8.345      -6.499   16.437

----------------------------------------------------------------------------------
MODEL STRUCTURE COMPARISON on the held-out reference step test
----------------------------------------------------------------------------------
  output   RMSE sat   RMSE lin  improvement
  -----------------------------------------
  Q           1.425      1.603        11.1%
  WHP         1.462      1.411        -3.6%
  FLP         1.105      1.104        -0.1%
  BHP         6.127      8.345        26.6%

  shipped coefficients used by the controller:
    output       base       span    tau_h  | linear gain    tau_h
    Q          23.610    182.925    4.560 |       1.8289    4.631
    WHP       333.807   -161.205    8.086 |      -1.6097    8.267
    FLP       227.218    -98.020    5.795 |      -0.9799    5.897
    BHP      3487.792   -836.714   12.342 |      -8.3501   12.554

worst held-out R2 across all four outputs, saturating model: 0.98894

wrote C:\dev\choke-mpc\data\identification_validation.csv
wrote C:\dev\choke-mpc\figures\02_fit_long.png
wrote C:\dev\choke-mpc\figures\02_fit_reference.png
